
> kintone-ai-lab@1.0.0 sync:595
> dotenv -e .env -e .env.proxy -- node scripts/sync-595-to-627.js --limit 100

[sync] start limit=100
[sync] GET records app=595 ...
[sync] GET records app=595 -> 0
[sync] target records=0
[sync] done ok=0 skipped=0 failed=0
{ ok: 0, skipped: 0, failed: 0, processed: 0 }

> kintone-ai-lab@1.0.0 sync:595
> dotenv -e .env -e .env.proxy -- node scripts/sync-595-to-627.js --limit 100

[sync] start limit=100
[sync] GET records app=595 ...
[sync] GET records app=595 -> 0
[sync] target records=0
[sync] done ok=0 skipped=0 failed=0
{ ok: 0, skipped: 0, failed: 0, processed: 0 }

> kintone-ai-lab@1.0.0 sync:595
> dotenv -e .env -e .env.proxy -- node scripts/sync-595-to-627.js --limit 100

[sync] start limit=100
[sync] GET records app=595 ...
[sync] GET records app=595 -> 0
[sync] target records=0
[sync] done ok=0 skipped=0 failed=0
{ ok: 0, skipped: 0, failed: 0, processed: 0 }

> kintone-ai-lab@1.0.0 sync:595
> dotenv -e .env -e .env.proxy -- node scripts/sync-595-to-627.js --limit 100

[sync] start limit=100
[sync] GET records app=595 ...
[sync] GET records app=595 -> 0
[sync] target records=0
[sync] done ok=0 skipped=0 failed=0
{ ok: 0, skipped: 0, failed: 0, processed: 0 }

> kintone-ai-lab@1.0.0 sync:595
> dotenv -e .env -e .env.proxy -- node scripts/sync-595-to-627.js --limit 100

[sync] start limit=100
[sync] GET records app=595 ...
[sync] GET records app=595 -> 0
[sync] target records=0
[sync] done ok=0 skipped=0 failed=0
{ ok: 0, skipped: 0, failed: 0, processed: 0 }

> kintone-ai-lab@1.0.0 sync:595
> dotenv -e .env -e .env.proxy -- node scripts/sync-595-to-627.js --limit 100

[sync] start limit=100
[sync] GET records app=595 ...
[sync] GET records app=595 -> 0
[sync] target records=0
[sync] done ok=0 skipped=0 failed=0
{ ok: 0, skipped: 0, failed: 0, processed: 0 }

> kintone-ai-lab@1.0.0 sync:595
> dotenv -e .env -e .env.proxy -- node scripts/sync-595-to-627.js --limit 100

[sync] start limit=100
[sync] GET records app=595 ...
[sync] GET records app=595 -> 0
[sync] target records=0
[sync] done ok=0 skipped=0 failed=0
{ ok: 0, skipped: 0, failed: 0, processed: 0 }

> kintone-ai-lab@1.0.0 sync:595
> dotenv -e .env -e .env.proxy -- node scripts/sync-595-to-627.js --limit 100

[sync] start limit=100
[sync] GET records app=595 ...
[sync] GET records app=595 -> 0
[sync] target records=0
[sync] done ok=0 skipped=0 failed=0
{ ok: 0, skipped: 0, failed: 0, processed: 0 }

> kintone-ai-lab@1.0.0 sync:595
> dotenv -e .env -e .env.proxy -- node scripts/sync-595-to-627.js --limit 100

[sync] start limit=100
[sync] GET records app=595 ...
[sync] GET records app=595 -> 0
[sync] target records=0
[sync] done ok=0 skipped=0 failed=0
{ ok: 0, skipped: 0, failed: 0, processed: 0 }

> kintone-ai-lab@1.0.0 sync:595
> dotenv -e .env -e .env.proxy -- node scripts/sync-595-to-627.js --limit 100

[sync] start limit=100
[sync] GET records app=595 ...
[sync] GET records app=595 -> 0
[sync] target records=0
[sync] done ok=0 skipped=0 failed=0
{ ok: 0, skipped: 0, failed: 0, processed: 0 }

> kintone-ai-lab@1.0.0 sync:595
> dotenv -e .env -e .env.proxy -- node scripts/sync-595-to-627.js --limit 100

[sync] start limit=100
[sync] GET records app=595 ...
[sync] GET records app=595 -> 100
[sync] target records=100
[sync] processing 595:$id=1 mail=j-horigome@j-bis.co.jp
[sync] GET records app=627 ...
[sync] GET records app=627 -> 0
[sync] GET records app=626 ...
[sync] GET records app=626 -> 1
[sync] processing 595:$id=2 mail=ogiwara@j-bis.co.jp
[sync] GET records app=627 ...
[sync] GET records app=627 -> 0
[sync] GET records app=626 ...
[sync] GET records app=626 -> 1
[sync] processing 595:$id=3 mail=yajima@j-bis.co.jp
[sync] GET records app=627 ...
[sync] GET records app=627 -> 0
[sync] GET records app=626 ...
[sync] GET records app=626 -> 1
[sync] processing 595:$id=4 mail=k-aigou@j-bis.co.jp
[sync] GET records app=627 ...
[sync] GET records app=627 -> 0
[sync] GET records app=626 ...
[sync] GET records app=626 -> 1
[sync] processing 595:$id=5 mail=m-osoegawa@j-bis.co.jp
[sync] GET records app=627 ...
[sync] GET records app=627 -> 0
[sync] GET records app=626 ...
[sync] GET records app=626 -> 1
[sync] processing 595:$id=6 mail=t-nezu@j-bis.co.jp
[sync] GET records app=627 ...
[sync] GET records app=627 -> 0
[sync] GET records app=626 ...
[sync] GET records app=626 -> 1
[sync] processing 595:$id=7 mail=m-tobita@j-bis.co.jp
[sync] GET records app=627 ...
[sync] GET records app=627 -> 0
[sync] GET records app=626 ...
[sync] GET records app=626 -> 1
[sync] processing 595:$id=8 mail=t-namie@j-bis.co.jp
[sync] GET records app=627 ...
[sync] GET records app=627 -> 0
[sync] GET records app=626 ...
[sync] GET records app=626 -> 1
[sync] processing 595:$id=9 mail=kinoshita@j-bis.co.jp
[sync] GET records app=627 ...
[sync] GET records app=627 -> 0
[sync] GET records app=626 ...
[sync] GET records app=626 -> 1
[sync] processing 595:$id=10 mail=tsuchiya@j-bis.co.jp
[sync] GET records app=627 ...
[sync] GET records app=627 -> 0
[sync] GET records app=626 ...
[sync] GET records app=626 -> 1
[sync] processing 595:$id=11 mail=n-kusunoki@j-bis.co.jp
[sync] GET records app=627 ...
[sync] GET records app=627 -> 0
[sync] GET records app=626 ...
[sync] GET records app=626 -> 1
[sync] processing 595:$id=12 mail=a-wada@j-bis.co.jp
[sync] GET records app=627 ...
[sync] GET records app=627 -> 0
[sync] GET records app=626 ...
[sync] GET records app=626 -> 1
[sync] processing 595:$id=13 mail=funasaki-y@j-bis.co.jp
[sync] GET records app=627 ...
[sync] GET records app=627 -> 0
[sync] GET records app=626 ...
[sync] GET records app=626 -> 1
[sync] processing 595:$id=14 mail=hamada-m@j-bis.co.jp
[sync] GET records app=627 ...
[sync] GET records app=627 -> 0
[sync] GET records app=626 ...
[sync] GET records app=626 -> 1
[sync] processing 595:$id=15 mail=oonuki-y@j-bis.co.jp
[sync] GET records app=627 ...
[sync] GET records app=627 -> 0
[sync] GET records app=626 ...
[sync] GET records app=626 -> 1
[sync] processing 595:$id=16 mail=s-hashiba@j-bis.co.jp
[sync] GET records app=627 ...
[sync] GET records app=627 -> 0
[sync] GET records app=626 ...
[sync] GET records app=626 -> 1
[sync] processing 595:$id=17 mail=m-yamaguchi@j-bis.co.jp
[sync] GET records app=627 ...
[sync] GET records app=627 -> 0
[sync] GET records app=626 ...
[sync] GET records app=626 -> 1
[sync] processing 595:$id=18 mail=arai-s@j-bis.co.jp
[sync] GET records app=627 ...
[sync] GET records app=627 -> 0
[sync] GET records app=626 ...
[sync] GET records app=626 -> 1
[sync] processing 595:$id=19 mail=y-takei@j-bis.co.jp
[sync] GET records app=627 ...
[sync] GET records app=627 -> 0
[sync] GET records app=626 ...
[sync] GET records app=626 -> 1
[sync] processing 595:$id=20 mail=sato-k@j-bis.co.jp
[sync] GET records app=627 ...
[sync] GET records app=627 -> 0
[sync] GET records app=626 ...
[sync] GET records app=626 -> 1
[sync] processing 595:$id=21 mail=n-goi@j-bis.co.jp
[sync] GET records app=627 ...
[sync] GET records app=627 -> 0
[sync] GET records app=626 ...
[sync] GET records app=626 -> 1
[sync] processing 595:$id=22 mail=m-funyu@j-bis.co.jp
[sync] GET records app=627 ...
[sync] GET records app=627 -> 0
[sync] GET records app=626 ...
[sync] GET records app=626 -> 1
[sync] processing 595:$id=23 mail=y-onishi@j-bis.co.jp
[sync] GET records app=627 ...
[sync] GET records app=627 -> 0
[sync] GET records app=626 ...
[sync] GET records app=626 -> 1
[sync] processing 595:$id=24 mail=k-nakata@j-bis.co.jp
[sync] GET records app=627 ...
[sync] GET records app=627 -> 0
[sync] GET records app=626 ...
[sync] GET records app=626 -> 1
[sync] processing 595:$id=25 mail=nemoto-t@j-bis.co.jp
[sync] GET records app=627 ...
[sync] GET records app=627 -> 0
[sync] GET records app=626 ...
[sync] GET records app=626 -> 1
[sync] processing 595:$id=26 mail=r-kono@j-bis.co.jp
[sync] GET records app=627 ...
[sync] GET records app=627 -> 0
[sync] GET records app=626 ...
[sync] GET records app=626 -> 1
[sync] processing 595:$id=27 mail=kodama@j-bis.co.jp
[sync] GET records app=627 ...
[sync] GET records app=627 -> 0
[sync] GET records app=626 ...
[sync] GET records app=626 -> 1
[sync] processing 595:$id=28 mail=y-kidou@j-bis.co.jp
[sync] GET records app=627 ...
[sync] GET records app=627 -> 0
[sync] GET records app=626 ...
[sync] GET records app=626 -> 1
[sync] processing 595:$id=29 mail=k-maeda@j-bis.co.jp
[sync] GET records app=627 ...
[sync] GET records app=627 -> 0
[sync] GET records app=626 ...
[sync] GET records app=626 -> 1
[sync] processing 595:$id=30 mail=m-okutomi@j-bis.co.jp
[sync] GET records app=627 ...
[sync] GET records app=627 -> 0
[sync] GET records app=626 ...
[sync] GET records app=626 -> 1
[sync] processing 595:$id=31 mail=y-masui@j-bis.co.jp
[sync] GET records app=627 ...
[sync] GET records app=627 -> 0
[sync] GET records app=626 ...
[sync] GET records app=626 -> 1
[sync] processing 595:$id=32 mail=f-omata@j-bis.co.jp
[sync] GET records app=627 ...
[sync] GET records app=627 -> 0
[sync] GET records app=626 ...
[sync] GET records app=626 -> 1
[sync] processing 595:$id=33 mail=fujiwara-t@j-bis.co.jp
[sync] GET records app=627 ...
[sync] GET records app=627 -> 0
[sync] GET records app=626 ...
[sync] GET records app=626 -> 1
[sync] processing 595:$id=34 mail=t-takagi@j-bis.co.jp
[sync] GET records app=627 ...
[sync] GET records app=627 -> 0
[sync] GET records app=626 ...
[sync] GET records app=626 -> 1
[sync] processing 595:$id=35 mail=takebayashi@j-bis.co.jp
[sync] GET records app=627 ...
[sync] GET records app=627 -> 0
[sync] GET records app=626 ...
[sync] GET records app=626 -> 1
[sync] processing 595:$id=36 mail=h-suzuki@j-bis.co.jp
[sync] GET records app=627 ...
[sync] GET records app=627 -> 0
[sync] GET records app=626 ...
[sync] GET records app=626 -> 1
[sync] processing 595:$id=37 mail=kinbara@j-bis.co.jp
[sync] GET records app=627 ...
[sync] GET records app=627 -> 0
[sync] GET records app=626 ...
[sync] GET records app=626 -> 1
[sync] processing 595:$id=38 mail=y-moroji@j-bis.co.jp
[sync] GET records app=627 ...
[sync] GET records app=627 -> 0
[sync] GET records app=626 ...
[sync] GET records app=626 -> 1
[sync] processing 595:$id=39 mail=takehana-m@j-bis.co.jp
[sync] GET records app=627 ...
[sync] GET records app=627 -> 0
[sync] GET records app=626 ...
[sync] GET records app=626 -> 1
[sync] processing 595:$id=40 mail=n-okuyama@j-bis.co.jp
[sync] GET records app=627 ...
[sync] GET records app=627 -> 0
[sync] GET records app=626 ...
[sync] GET records app=626 -> 1
[sync] processing 595:$id=41 mail=t-nagasawa@j-bis.co.jp
[sync] GET records app=627 ...
[sync] GET records app=627 -> 0
[sync] GET records app=626 ...
[sync] GET records app=626 -> 1
[sync] processing 595:$id=42 mail=sato-sa@j-bis.co.jp
[sync] GET records app=627 ...
[sync] GET records app=627 -> 0
[sync] GET records app=626 ...
[sync] GET records app=626 -> 1
[sync] processing 595:$id=43 mail=sasaki-ka@j-bis.co.jp
[sync] GET records app=627 ...
[sync] GET records app=627 -> 0
[sync] GET records app=626 ...
[sync] GET records app=626 -> 1
[sync] processing 595:$id=44 mail=t-nakanishi@j-bis.co.jp
[sync] GET records app=627 ...
[sync] GET records app=627 -> 0
[sync] GET records app=626 ...
[sync] GET records app=626 -> 1
[sync] processing 595:$id=45 mail=sasaki-k@j-bis.co.jp
[sync] GET records app=627 ...
[sync] GET records app=627 -> 0
[sync] GET records app=626 ...
[sync] GET records app=626 -> 1
[sync] processing 595:$id=46 mail=y-mikami@j-bis.co.jp
[sync] GET records app=627 ...
[sync] GET records app=627 -> 0
[sync] GET records app=626 ...
[sync] GET records app=626 -> 1
[sync] processing 595:$id=47 mail=m-tamura@j-bis.co.jp
[sync] GET records app=627 ...
[sync] GET records app=627 -> 0
[sync] GET records app=626 ...
[sync] GET records app=626 -> 1
[sync] processing 595:$id=48 mail=mori-m@j-bis.co.jp
[sync] GET records app=627 ...
[sync] GET records app=627 -> 0
[sync] GET records app=626 ...
[sync] GET records app=626 -> 1
[sync] processing 595:$id=49 mail=watanabe-s@j-bis.co.jp
[sync] GET records app=627 ...
[sync] GET records app=627 -> 0
[sync] GET records app=626 ...
[sync] GET records app=626 -> 1
[sync] processing 595:$id=50 mail=odashima@j-bis.co.jp
[sync] GET records app=627 ...
[sync] GET records app=627 -> 0
[sync] GET records app=626 ...
[sync] GET records app=626 -> 1
[sync] processing 595:$id=51 mail=s-hosino@j-bis.co.jp
[sync] GET records app=627 ...
[sync] GET records app=627 -> 0
[sync] GET records app=626 ...
[sync] GET records app=626 -> 1
[sync] processing 595:$id=52 mail=saito-n@j-bis.co.jp
[sync] GET records app=627 ...
[sync] GET records app=627 -> 0
[sync] GET records app=626 ...
[sync] GET records app=626 -> 1
[sync] processing 595:$id=53 mail=k-suma@j-bis.co.jp
[sync] GET records app=627 ...
[sync] GET records app=627 -> 0
[sync] GET records app=626 ...
[sync] GET records app=626 -> 1
[sync] processing 595:$id=54 mail=t-chiba@j-bis.co.jp
[sync] GET records app=627 ...
[sync] GET records app=627 -> 0
[sync] GET records app=626 ...
[sync] GET records app=626 -> 1
[sync] processing 595:$id=55 mail=honda-r@j-bis.co.jp
[sync] GET records app=627 ...
[sync] GET records app=627 -> 0
[sync] GET records app=626 ...
[sync] GET records app=626 -> 1
[sync] processing 595:$id=56 mail=konno-t@j-bis.co.jp
[sync] GET records app=627 ...
[sync] GET records app=627 -> 0
[sync] GET records app=626 ...
[sync] GET records app=626 -> 1
[sync] processing 595:$id=57 mail=takahashi-e@j-bis.co.jp
[sync] GET records app=627 ...
[sync] GET records app=627 -> 0
[sync] GET records app=626 ...
[sync] GET records app=626 -> 1
[sync] processing 595:$id=58 mail=miura-f@j-bis.co.jp
[sync] GET records app=627 ...
[sync] GET records app=627 -> 0
[sync] GET records app=626 ...
[sync] GET records app=626 -> 1
[sync] processing 595:$id=59 mail=y-kato@j-bis.co.jp
[sync] GET records app=627 ...
[sync] GET records app=627 -> 0
[sync] GET records app=626 ...
[sync] GET records app=626 -> 1
[sync] processing 595:$id=60 mail=h-kirikoshi@j-bis.co.jp
[sync] GET records app=627 ...
[sync] GET records app=627 -> 0
[sync] GET records app=626 ...
[sync] GET records app=626 -> 1
[sync] processing 595:$id=61 mail=n-nagaoka@j-bis.co.jp
[sync] GET records app=627 ...
[sync] GET records app=627 -> 0
[sync] GET records app=626 ...
[sync] GET records app=626 -> 1
[sync] processing 595:$id=62 mail=h-kamata@j-bis.co.jp
[sync] GET records app=627 ...
[sync] GET records app=627 -> 0
[sync] GET records app=626 ...
[sync] GET records app=626 -> 1
[sync] processing 595:$id=63 mail=t-miura@j-bis.co.jp
[sync] GET records app=627 ...
[sync] GET records app=627 -> 0
[sync] GET records app=626 ...
[sync] GET records app=626 -> 1
[sync] processing 595:$id=64 mail=sato-r@j-bis.co.jp
[sync] GET records app=627 ...
[sync] GET records app=627 -> 0
[sync] GET records app=626 ...
[sync] GET records app=626 -> 1
[sync] processing 595:$id=65 mail=r-shiota@j-bis.co.jp
[sync] GET records app=627 ...
[sync] GET records app=627 -> 0
[sync] GET records app=626 ...
[sync] GET records app=626 -> 1
[sync] processing 595:$id=66 mail=nonaka-t@j-bis.co.jp
[sync] GET records app=627 ...
[sync] GET records app=627 -> 0
[sync] GET records app=626 ...
[sync] GET records app=626 -> 1
[sync] processing 595:$id=67 mail=kaneta@j-bis.co.jp
[sync] GET records app=627 ...
[sync] GET records app=627 -> 0
[sync] GET records app=626 ...
[sync] GET records app=626 -> 1
[sync] processing 595:$id=68 mail=ma-sasaki@j-bis.co.jp
[sync] GET records app=627 ...
[sync] GET records app=627 -> 0
[sync] GET records app=626 ...
[sync] GET records app=626 -> 1
[sync] processing 595:$id=69 mail=ota-n@j-bis.co.jp
[sync] GET records app=627 ...
[sync] GET records app=627 -> 0
[sync] GET records app=626 ...
[sync] GET records app=626 -> 1
[sync] processing 595:$id=70 mail=oikawa-i@j-bis.co.jp
[sync] GET records app=627 ...
[sync] GET records app=627 -> 0
[sync] GET records app=626 ...
[sync] GET records app=626 -> 1
[sync] processing 595:$id=71 mail=y-sasaki@j-bis.co.jp
[sync] GET records app=627 ...
[sync] GET records app=627 -> 0
[sync] GET records app=626 ...
[sync] GET records app=626 -> 1
[sync] processing 595:$id=72 mail=h-itakura@j-bis.co.jp
[sync] GET records app=627 ...
[sync] GET records app=627 -> 0
[sync] GET records app=626 ...
[sync] GET records app=626 -> 1
[sync] processing 595:$id=73 mail=n-suzuki@j-bis.co.jp
[sync] GET records app=627 ...
[sync] GET records app=627 -> 0
[sync] GET records app=626 ...
[sync] GET records app=626 -> 1
[sync] processing 595:$id=74 mail=t-shinkai@j-bis.co.jp
[sync] GET records app=627 ...
[sync] GET records app=627 -> 0
[sync] GET records app=626 ...
[sync] GET records app=626 -> 1
[sync] processing 595:$id=75 mail=s-asami@j-bis.co.jp
[sync] GET records app=627 ...
[sync] GET records app=627 -> 0
[sync] GET records app=626 ...
[sync] GET records app=626 -> 1
[sync] processing 595:$id=76 mail=k-abukawa@j-bis.co.jp
[sync] GET records app=627 ...
[sync] GET records app=627 -> 0
[sync] GET records app=626 ...
[sync] GET records app=626 -> 1
[sync] processing 595:$id=77 mail=o-nanishi@j-bis.co.jp
[sync] GET records app=627 ...
[sync] GET records app=627 -> 0
[sync] GET records app=626 ...
[sync] GET records app=626 -> 1
[sync] processing 595:$id=78 mail=y-seki@j-bis.co.jp
[sync] GET records app=627 ...
[sync] GET records app=627 -> 0
[sync] GET records app=626 ...
[sync] GET records app=626 -> 1
[sync] processing 595:$id=79 mail=y-taguchi@j-bis.co.jp
[sync] GET records app=627 ...
[sync] GET records app=627 -> 0
[sync] GET records app=626 ...
[sync] GET records app=626 -> 1
[sync] processing 595:$id=80 mail=h-takazawa@j-bis.co.jp
[sync] GET records app=627 ...
[sync] GET records app=627 -> 0
[sync] GET records app=626 ...
[sync] GET records app=626 -> 1
[sync] processing 595:$id=81 mail=goto-s@j-bis.co.jp
[sync] GET records app=627 ...
[sync] GET records app=627 -> 0
[sync] GET records app=626 ...
[sync] GET records app=626 -> 1
[sync] processing 595:$id=82 mail=n-hataoka@j-bis.co.jp
[sync] GET records app=627 ...
[sync] GET records app=627 -> 0
[sync] GET records app=626 ...
[sync] GET records app=626 -> 1
[sync] processing 595:$id=83 mail=t-agehari@j-bis.co.jp
[sync] GET records app=627 ...
[sync] GET records app=627 -> 0
[sync] GET records app=626 ...
[sync] GET records app=626 -> 1
[sync] processing 595:$id=84 mail=yu-takahashi@j-bis.co.jp
[sync] GET records app=627 ...
[sync] GET records app=627 -> 0
[sync] GET records app=626 ...
[sync] GET records app=626 -> 1
[sync] processing 595:$id=85 mail=yu-matsunaga@j-bis.co.jp
[sync] GET records app=627 ...
[sync] GET records app=627 -> 0
[sync] GET records app=626 ...
[sync] GET records app=626 -> 1
[sync] processing 595:$id=86 mail=iijima@j-bis.co.jp
[sync] GET records app=627 ...
[sync] GET records app=627 -> 0
[sync] GET records app=626 ...
[sync] GET records app=626 -> 1
[sync] processing 595:$id=87 mail=suzuki-y@j-bis.co.jp
[sync] GET records app=627 ...
[sync] GET records app=627 -> 0
[sync] GET records app=626 ...
[sync] GET records app=626 -> 1
[sync] processing 595:$id=88 mail=h-mukaida@j-bis.co.jp
[sync] GET records app=627 ...
[sync] GET records app=627 -> 0
[sync] GET records app=626 ...
[sync] GET records app=626 -> 1
[sync] processing 595:$id=89 mail=k-kobayashi@j-bis.co.jp
[sync] GET records app=627 ...
[sync] GET records app=627 -> 0
[sync] GET records app=626 ...
[sync] GET records app=626 -> 1
[sync] processing 595:$id=90 mail=m-ikarashi@j-bis.co.jp
[sync] GET records app=627 ...
[sync] GET records app=627 -> 0
[sync] GET records app=626 ...
[sync] GET records app=626 -> 1
[sync] processing 595:$id=91 mail=t-kimura@j-bis.co.jp
[sync] GET records app=627 ...
[sync] GET records app=627 -> 0
[sync] GET records app=626 ...
[sync] GET records app=626 -> 1
[sync] processing 595:$id=92 mail=m-takizawa@j-bis.co.jp
[sync] GET records app=627 ...
[sync] GET records app=627 -> 0
[sync] GET records app=626 ...
[sync] GET records app=626 -> 1
[sync] processing 595:$id=93 mail=sato-s@j-bis.co.jp
[sync] GET records app=627 ...
[sync] GET records app=627 -> 0
[sync] GET records app=626 ...
[sync] GET records app=626 -> 1
[sync] processing 595:$id=94 mail=t-haba@j-bis.co.jp
[sync] GET records app=627 ...
[sync] GET records app=627 -> 0
[sync] GET records app=626 ...
[sync] GET records app=626 -> 1
[sync] processing 595:$id=95 mail=kuroiwa@j-bis.co.jp
[sync] GET records app=627 ...
[sync] GET records app=627 -> 0
[sync] GET records app=626 ...
[sync] GET records app=626 -> 1
[sync] processing 595:$id=96 mail=saito@j-bis.co.jp
[sync] GET records app=627 ...
[sync] GET records app=627 -> 0
[sync] GET records app=626 ...
[sync] GET records app=626 -> 1
[sync] processing 595:$id=97 mail=k-murayama@j-bis.co.jp
[sync] GET records app=627 ...
[sync] GET records app=627 -> 0
[sync] GET records app=626 ...
[sync] GET records app=626 -> 1
[sync] processing 595:$id=98 mail=k-yuasa@j-bis.co.jp
[sync] GET records app=627 ...
[sync] GET records app=627 -> 0
[sync] GET records app=626 ...
[sync] GET records app=626 -> 1
[sync] processing 595:$id=99 mail=hoshino-s@j-bis.co.jp
[sync] GET records app=627 ...
[sync] GET records app=627 -> 0
[sync] GET records app=626 ...
[sync] GET records app=626 -> 1
[sync] processing 595:$id=100 mail=m-yamagata@j-bis.co.jp
[sync] GET records app=627 ...
[sync] GET records app=627 -> 0
[sync] GET records app=626 ...
[sync] GET records app=626 -> 1
[sync] done ok=100 skipped=0 failed=0
{ ok: 100, skipped: 0, failed: 0, processed: 100 }

> kintone-ai-lab@1.0.0 sync:595
> dotenv -e .env -e .env.proxy -- node scripts/sync-595-to-627.js --limit 100

[sync] start limit=100
[sync] GET records app=595 ...
[sync] GET records app=595 -> 100
[sync] target records=100
[sync] processing 595:$id=1 mail=j-horigome@j-bis.co.jp
[sync] GET records app=627 ...
[sync] GET records app=627 -> 1
[sync] GET records app=626 ...
[sync] GET records app=626 -> 1
[sync] processing 595:$id=2 mail=ogiwara@j-bis.co.jp
[sync] GET records app=627 ...
[sync] GET records app=627 -> 1
[sync] GET records app=626 ...
[sync] GET records app=626 -> 1
[sync] processing 595:$id=3 mail=yajima@j-bis.co.jp
[sync] GET records app=627 ...
[sync] GET records app=627 -> 1
[sync] GET records app=626 ...
[sync] GET records app=626 -> 1
[sync] processing 595:$id=4 mail=k-aigou@j-bis.co.jp
[sync] GET records app=627 ...
[sync] GET records app=627 -> 1
[sync] GET records app=626 ...
[sync] GET records app=626 -> 1
[sync] processing 595:$id=5 mail=m-osoegawa@j-bis.co.jp
[sync] GET records app=627 ...
[sync] GET records app=627 -> 1
[sync] GET records app=626 ...
[sync] GET records app=626 -> 1
[sync] processing 595:$id=6 mail=t-nezu@j-bis.co.jp
[sync] GET records app=627 ...
[sync] GET records app=627 -> 1
[sync] GET records app=626 ...
[sync] GET records app=626 -> 1
[sync] processing 595:$id=7 mail=m-tobita@j-bis.co.jp
[sync] GET records app=627 ...
[sync] GET records app=627 -> 1
[sync] GET records app=626 ...
[sync] GET records app=626 -> 1
[sync] processing 595:$id=8 mail=t-namie@j-bis.co.jp
[sync] GET records app=627 ...
[sync] GET records app=627 -> 1
[sync] GET records app=626 ...
[sync] GET records app=626 -> 1
[sync] processing 595:$id=9 mail=kinoshita@j-bis.co.jp
[sync] GET records app=627 ...
[sync] GET records app=627 -> 1
[sync] GET records app=626 ...
[sync] GET records app=626 -> 1
[sync] processing 595:$id=10 mail=tsuchiya@j-bis.co.jp
[sync] GET records app=627 ...
[sync] GET records app=627 -> 1
[sync] GET records app=626 ...
[sync] GET records app=626 -> 1
[sync] processing 595:$id=11 mail=n-kusunoki@j-bis.co.jp
[sync] GET records app=627 ...
[sync] GET records app=627 -> 1
[sync] GET records app=626 ...
[sync] GET records app=626 -> 1
[sync] processing 595:$id=12 mail=a-wada@j-bis.co.jp
[sync] GET records app=627 ...
[sync] GET records app=627 -> 1
[sync] GET records app=626 ...
[sync] GET records app=626 -> 1
[sync] processing 595:$id=13 mail=funasaki-y@j-bis.co.jp
[sync] GET records app=627 ...
[sync] GET records app=627 -> 1
[sync] GET records app=626 ...
[sync] GET records app=626 -> 1
[sync] processing 595:$id=14 mail=hamada-m@j-bis.co.jp
[sync] GET records app=627 ...
[sync] GET records app=627 -> 1
[sync] GET records app=626 ...
[sync] GET records app=626 -> 1
[sync] processing 595:$id=15 mail=oonuki-y@j-bis.co.jp
[sync] GET records app=627 ...
[sync] GET records app=627 -> 1
[sync] GET records app=626 ...
[sync] GET records app=626 -> 1
[sync] processing 595:$id=16 mail=s-hashiba@j-bis.co.jp
[sync] GET records app=627 ...
[sync] GET records app=627 -> 1
[sync] GET records app=626 ...
[sync] GET records app=626 -> 1
[sync] processing 595:$id=17 mail=m-yamaguchi@j-bis.co.jp
[sync] GET records app=627 ...
[sync] GET records app=627 -> 1
[sync] GET records app=626 ...
[sync] GET records app=626 -> 1
[sync] processing 595:$id=18 mail=arai-s@j-bis.co.jp
[sync] GET records app=627 ...
[sync] GET records app=627 -> 1
[sync] GET records app=626 ...
[sync] GET records app=626 -> 1
[sync] processing 595:$id=19 mail=y-takei@j-bis.co.jp
[sync] GET records app=627 ...
[sync] GET records app=627 -> 1
[sync] GET records app=626 ...
[sync] GET records app=626 -> 1
[sync] processing 595:$id=20 mail=sato-k@j-bis.co.jp
[sync] GET records app=627 ...
[sync] GET records app=627 -> 1
[sync] GET records app=626 ...
[sync] GET records app=626 -> 1
[sync] processing 595:$id=21 mail=n-goi@j-bis.co.jp
[sync] GET records app=627 ...
[sync] GET records app=627 -> 1
[sync] GET records app=626 ...
[sync] GET records app=626 -> 1
[sync] processing 595:$id=22 mail=m-funyu@j-bis.co.jp
[sync] GET records app=627 ...
[sync] GET records app=627 -> 1
[sync] GET records app=626 ...
[sync] GET records app=626 -> 1
[sync] processing 595:$id=23 mail=y-onishi@j-bis.co.jp
[sync] GET records app=627 ...
[sync] GET records app=627 -> 1
[sync] GET records app=626 ...
[sync] GET records app=626 -> 1
[sync] processing 595:$id=24 mail=k-nakata@j-bis.co.jp
[sync] GET records app=627 ...
[sync] GET records app=627 -> 1
[sync] GET records app=626 ...
[sync] GET records app=626 -> 1
[sync] processing 595:$id=25 mail=nemoto-t@j-bis.co.jp
[sync] GET records app=627 ...
[sync] GET records app=627 -> 1
[sync] GET records app=626 ...
[sync] GET records app=626 -> 1
[sync] processing 595:$id=26 mail=r-kono@j-bis.co.jp
[sync] GET records app=627 ...
[sync] GET records app=627 -> 1
[sync] GET records app=626 ...
[sync] GET records app=626 -> 1
[sync] processing 595:$id=27 mail=kodama@j-bis.co.jp
[sync] GET records app=627 ...
[sync] GET records app=627 -> 1
[sync] GET records app=626 ...
[sync] GET records app=626 -> 1
[sync] processing 595:$id=28 mail=y-kidou@j-bis.co.jp
[sync] GET records app=627 ...
[sync] GET records app=627 -> 1
[sync] GET records app=626 ...
[sync] GET records app=626 -> 1
[sync] processing 595:$id=29 mail=k-maeda@j-bis.co.jp
[sync] GET records app=627 ...
[sync] GET records app=627 -> 1
[sync] GET records app=626 ...
[sync] GET records app=626 -> 1
[sync] processing 595:$id=30 mail=m-okutomi@j-bis.co.jp
[sync] GET records app=627 ...
[sync] GET records app=627 -> 1
[sync] GET records app=626 ...
[sync] GET records app=626 -> 1
[sync] processing 595:$id=31 mail=y-masui@j-bis.co.jp
[sync] GET records app=627 ...
[sync] GET records app=627 -> 1
[sync] GET records app=626 ...
[sync] GET records app=626 -> 1
[sync] processing 595:$id=32 mail=f-omata@j-bis.co.jp
[sync] GET records app=627 ...
[sync] GET records app=627 -> 1
[sync] GET records app=626 ...
[sync] GET records app=626 -> 1
[sync] processing 595:$id=33 mail=fujiwara-t@j-bis.co.jp
[sync] GET records app=627 ...
[sync] GET records app=627 -> 1
[sync] GET records app=626 ...
[sync] GET records app=626 -> 1
[sync] processing 595:$id=34 mail=t-takagi@j-bis.co.jp
[sync] GET records app=627 ...
[sync] GET records app=627 -> 1
[sync] GET records app=626 ...
[sync] GET records app=626 -> 1
[sync] processing 595:$id=35 mail=takebayashi@j-bis.co.jp
[sync] GET records app=627 ...
[sync] GET records app=627 -> 1
[sync] GET records app=626 ...
[sync] GET records app=626 -> 1
[sync] processing 595:$id=36 mail=h-suzuki@j-bis.co.jp
[sync] GET records app=627 ...
[sync] GET records app=627 -> 1
[sync] GET records app=626 ...
[sync] GET records app=626 -> 1
[sync] processing 595:$id=37 mail=kinbara@j-bis.co.jp
[sync] GET records app=627 ...
[sync] GET records app=627 -> 1
[sync] GET records app=626 ...
[sync] GET records app=626 -> 1
[sync] processing 595:$id=38 mail=y-moroji@j-bis.co.jp
[sync] GET records app=627 ...
[sync] GET records app=627 -> 1
[sync] GET records app=626 ...
[sync] GET records app=626 -> 1
[sync] processing 595:$id=39 mail=takehana-m@j-bis.co.jp
[sync] GET records app=627 ...
[sync] GET records app=627 -> 1
[sync] GET records app=626 ...
[sync] GET records app=626 -> 1
[sync] processing 595:$id=40 mail=n-okuyama@j-bis.co.jp
[sync] GET records app=627 ...
[sync] GET records app=627 -> 1
[sync] GET records app=626 ...
[sync] GET records app=626 -> 1
[sync] processing 595:$id=41 mail=t-nagasawa@j-bis.co.jp
[sync] GET records app=627 ...
[sync] GET records app=627 -> 1
[sync] GET records app=626 ...
[sync] GET records app=626 -> 1
[sync] processing 595:$id=42 mail=sato-sa@j-bis.co.jp
[sync] GET records app=627 ...
[sync] GET records app=627 -> 1
[sync] GET records app=626 ...
[sync] GET records app=626 -> 1
[sync] processing 595:$id=43 mail=sasaki-ka@j-bis.co.jp
[sync] GET records app=627 ...
[sync] GET records app=627 -> 1
[sync] GET records app=626 ...
[sync] GET records app=626 -> 1
[sync] processing 595:$id=44 mail=t-nakanishi@j-bis.co.jp
[sync] GET records app=627 ...
[sync] GET records app=627 -> 1
[sync] GET records app=626 ...
[sync] GET records app=626 -> 1
[sync] processing 595:$id=45 mail=sasaki-k@j-bis.co.jp
[sync] GET records app=627 ...
[sync] GET records app=627 -> 1
[sync] GET records app=626 ...
[sync] GET records app=626 -> 1
[sync] processing 595:$id=46 mail=y-mikami@j-bis.co.jp
[sync] GET records app=627 ...
[sync] GET records app=627 -> 1
[sync] GET records app=626 ...
[sync] GET records app=626 -> 1
[sync] processing 595:$id=47 mail=m-tamura@j-bis.co.jp
[sync] GET records app=627 ...
[sync] GET records app=627 -> 1
[sync] GET records app=626 ...
[sync] GET records app=626 -> 1
[sync] processing 595:$id=48 mail=mori-m@j-bis.co.jp
[sync] GET records app=627 ...
[sync] GET records app=627 -> 1
[sync] GET records app=626 ...
[sync] GET records app=626 -> 1
[sync] processing 595:$id=49 mail=watanabe-s@j-bis.co.jp
[sync] GET records app=627 ...
[sync] GET records app=627 -> 1
[sync] GET records app=626 ...
[sync] GET records app=626 -> 1
[sync] processing 595:$id=50 mail=odashima@j-bis.co.jp
[sync] GET records app=627 ...
[sync] GET records app=627 -> 1
[sync] GET records app=626 ...
[sync] GET records app=626 -> 1
[sync] processing 595:$id=51 mail=s-hosino@j-bis.co.jp
[sync] GET records app=627 ...
[sync] GET records app=627 -> 1
[sync] GET records app=626 ...
[sync] GET records app=626 -> 1
[sync] processing 595:$id=52 mail=saito-n@j-bis.co.jp
[sync] GET records app=627 ...
[sync] GET records app=627 -> 1
[sync] GET records app=626 ...
[sync] GET records app=626 -> 1
[sync] processing 595:$id=53 mail=k-suma@j-bis.co.jp
[sync] GET records app=627 ...
[sync] GET records app=627 -> 1
[sync] GET records app=626 ...
[sync] GET records app=626 -> 1
[sync] processing 595:$id=54 mail=t-chiba@j-bis.co.jp
[sync] GET records app=627 ...
[sync] GET records app=627 -> 1
[sync] GET records app=626 ...
[sync] GET records app=626 -> 1
[sync] processing 595:$id=55 mail=honda-r@j-bis.co.jp
[sync] GET records app=627 ...
[sync] GET records app=627 -> 1
[sync] GET records app=626 ...
[sync] GET records app=626 -> 1
[sync] processing 595:$id=56 mail=konno-t@j-bis.co.jp
[sync] GET records app=627 ...
[sync] GET records app=627 -> 1
[sync] GET records app=626 ...
[sync] GET records app=626 -> 1
[sync] processing 595:$id=57 mail=takahashi-e@j-bis.co.jp
[sync] GET records app=627 ...
[sync] GET records app=627 -> 1
[sync] GET records app=626 ...
[sync] GET records app=626 -> 1
[sync] processing 595:$id=58 mail=miura-f@j-bis.co.jp
[sync] GET records app=627 ...
[sync] GET records app=627 -> 1
[sync] GET records app=626 ...
[sync] GET records app=626 -> 1
[sync] processing 595:$id=59 mail=y-kato@j-bis.co.jp
[sync] GET records app=627 ...
[sync] GET records app=627 -> 1
[sync] GET records app=626 ...
[sync] GET records app=626 -> 1
[sync] processing 595:$id=60 mail=h-kirikoshi@j-bis.co.jp
[sync] GET records app=627 ...
[sync] GET records app=627 -> 1
[sync] GET records app=626 ...
[sync] GET records app=626 -> 1
[sync] processing 595:$id=61 mail=n-nagaoka@j-bis.co.jp
[sync] GET records app=627 ...
[sync] GET records app=627 -> 1
[sync] GET records app=626 ...
[sync] GET records app=626 -> 1
[sync] processing 595:$id=62 mail=h-kamata@j-bis.co.jp
[sync] GET records app=627 ...
[sync] GET records app=627 -> 1
[sync] GET records app=626 ...
[sync] GET records app=626 -> 1
[sync] processing 595:$id=63 mail=t-miura@j-bis.co.jp
[sync] GET records app=627 ...
[sync] GET records app=627 -> 1
[sync] GET records app=626 ...
[sync] GET records app=626 -> 1
[sync] processing 595:$id=64 mail=sato-r@j-bis.co.jp
[sync] GET records app=627 ...
[sync] GET records app=627 -> 1
[sync] GET records app=626 ...
[sync] GET records app=626 -> 1
[sync] processing 595:$id=65 mail=r-shiota@j-bis.co.jp
[sync] GET records app=627 ...
[sync] GET records app=627 -> 1
[sync] GET records app=626 ...
[sync] GET records app=626 -> 1
[sync] processing 595:$id=66 mail=nonaka-t@j-bis.co.jp
[sync] GET records app=627 ...
[sync] GET records app=627 -> 1
[sync] GET records app=626 ...
[sync] GET records app=626 -> 1
[sync] processing 595:$id=67 mail=kaneta@j-bis.co.jp
[sync] GET records app=627 ...
[sync] GET records app=627 -> 1
[sync] GET records app=626 ...
[sync] GET records app=626 -> 1
[sync] processing 595:$id=68 mail=ma-sasaki@j-bis.co.jp
[sync] GET records app=627 ...
[sync] GET records app=627 -> 1
[sync] GET records app=626 ...
[sync] GET records app=626 -> 1
[sync] processing 595:$id=69 mail=ota-n@j-bis.co.jp
[sync] GET records app=627 ...
[sync] GET records app=627 -> 1
[sync] GET records app=626 ...
[sync] GET records app=626 -> 1
[sync] processing 595:$id=70 mail=oikawa-i@j-bis.co.jp
[sync] GET records app=627 ...
[sync] GET records app=627 -> 1
[sync] GET records app=626 ...
[sync] GET records app=626 -> 1
[sync] processing 595:$id=71 mail=y-sasaki@j-bis.co.jp
[sync] GET records app=627 ...
[sync] GET records app=627 -> 1
[sync] GET records app=626 ...
[sync] GET records app=626 -> 1
[sync] processing 595:$id=72 mail=h-itakura@j-bis.co.jp
[sync] GET records app=627 ...
[sync] GET records app=627 -> 1
[sync] GET records app=626 ...
[sync] GET records app=626 -> 1
[sync] processing 595:$id=73 mail=n-suzuki@j-bis.co.jp
[sync] GET records app=627 ...
[sync] GET records app=627 -> 1
[sync] GET records app=626 ...
[sync] GET records app=626 -> 1
[sync] processing 595:$id=74 mail=t-shinkai@j-bis.co.jp
[sync] GET records app=627 ...
[sync] GET records app=627 -> 1
[sync] GET records app=626 ...
[sync] GET records app=626 -> 1
[sync] processing 595:$id=75 mail=s-asami@j-bis.co.jp
[sync] GET records app=627 ...
[sync] GET records app=627 -> 1
[sync] GET records app=626 ...
[sync] GET records app=626 -> 1
[sync] processing 595:$id=76 mail=k-abukawa@j-bis.co.jp
[sync] GET records app=627 ...
[sync] GET records app=627 -> 1
[sync] GET records app=626 ...
[sync] GET records app=626 -> 1
[sync] processing 595:$id=77 mail=o-nanishi@j-bis.co.jp
[sync] GET records app=627 ...
[sync] GET records app=627 -> 1
[sync] GET records app=626 ...
[sync] GET records app=626 -> 1
[sync] processing 595:$id=78 mail=y-seki@j-bis.co.jp
[sync] GET records app=627 ...
[sync] GET records app=627 -> 1
[sync] GET records app=626 ...
[sync] GET records app=626 -> 1
[sync] processing 595:$id=79 mail=y-taguchi@j-bis.co.jp
[sync] GET records app=627 ...
[sync] GET records app=627 -> 1
[sync] GET records app=626 ...
[sync] GET records app=626 -> 1
[sync] processing 595:$id=80 mail=h-takazawa@j-bis.co.jp
[sync] GET records app=627 ...
[sync] GET records app=627 -> 1
[sync] GET records app=626 ...
[sync] GET records app=626 -> 1
[sync] processing 595:$id=81 mail=goto-s@j-bis.co.jp
[sync] GET records app=627 ...
[sync] GET records app=627 -> 1
[sync] GET records app=626 ...
[sync] GET records app=626 -> 1
[sync] processing 595:$id=82 mail=n-hataoka@j-bis.co.jp
[sync] GET records app=627 ...
[sync] GET records app=627 -> 1
[sync] GET records app=626 ...
[sync] GET records app=626 -> 1
[sync] processing 595:$id=83 mail=t-agehari@j-bis.co.jp
[sync] GET records app=627 ...
[sync] GET records app=627 -> 1
[sync] GET records app=626 ...
[sync] GET records app=626 -> 1
[sync] processing 595:$id=84 mail=yu-takahashi@j-bis.co.jp
[sync] GET records app=627 ...
[sync] GET records app=627 -> 1
[sync] GET records app=626 ...
[sync] GET records app=626 -> 1
[sync] processing 595:$id=85 mail=yu-matsunaga@j-bis.co.jp
[sync] GET records app=627 ...
[sync] GET records app=627 -> 1
[sync] GET records app=626 ...
[sync] GET records app=626 -> 1
[sync] processing 595:$id=86 mail=iijima@j-bis.co.jp
[sync] GET records app=627 ...
[sync] GET records app=627 -> 1
[sync] GET records app=626 ...
[sync] GET records app=626 -> 1
[sync] processing 595:$id=87 mail=suzuki-y@j-bis.co.jp
[sync] GET records app=627 ...
[sync] GET records app=627 -> 1
[sync] GET records app=626 ...
[sync] GET records app=626 -> 1
[sync] processing 595:$id=88 mail=h-mukaida@j-bis.co.jp
[sync] GET records app=627 ...
[sync] GET records app=627 -> 1
[sync] GET records app=626 ...
[sync] GET records app=626 -> 1
[sync] processing 595:$id=89 mail=k-kobayashi@j-bis.co.jp
[sync] GET records app=627 ...
[sync] GET records app=627 -> 1
[sync] GET records app=626 ...
[sync] GET records app=626 -> 1
[sync] processing 595:$id=90 mail=m-ikarashi@j-bis.co.jp
[sync] GET records app=627 ...
[sync] GET records app=627 -> 1
[sync] GET records app=626 ...
[sync] GET records app=626 -> 1
[sync] processing 595:$id=91 mail=t-kimura@j-bis.co.jp
[sync] GET records app=627 ...
[sync] GET records app=627 -> 1
[sync] GET records app=626 ...
[sync] GET records app=626 -> 1
[sync] processing 595:$id=92 mail=m-takizawa@j-bis.co.jp
[sync] GET records app=627 ...
[sync] GET records app=627 -> 1
[sync] GET records app=626 ...
[sync] GET records app=626 -> 1
[sync] processing 595:$id=93 mail=sato-s@j-bis.co.jp
[sync] GET records app=627 ...
[sync] GET records app=627 -> 1
[sync] GET records app=626 ...
[sync] GET records app=626 -> 1
[sync] processing 595:$id=94 mail=t-haba@j-bis.co.jp
[sync] GET records app=627 ...
[sync] GET records app=627 -> 1
[sync] GET records app=626 ...
[sync] GET records app=626 -> 1
[sync] processing 595:$id=95 mail=kuroiwa@j-bis.co.jp
[sync] GET records app=627 ...
[sync] GET records app=627 -> 1
[sync] GET records app=626 ...
[sync] GET records app=626 -> 1
[sync] processing 595:$id=96 mail=saito@j-bis.co.jp
[sync] GET records app=627 ...
[sync] GET records app=627 -> 1
[sync] GET records app=626 ...
[sync] GET records app=626 -> 1
[sync] processing 595:$id=97 mail=k-murayama@j-bis.co.jp
[sync] GET records app=627 ...
[sync] GET records app=627 -> 1
[sync] GET records app=626 ...
[sync] GET records app=626 -> 1
[sync] processing 595:$id=98 mail=k-yuasa@j-bis.co.jp
[sync] GET records app=627 ...
[sync] GET records app=627 -> 1
[sync] GET records app=626 ...
[sync] GET records app=626 -> 1
[sync] processing 595:$id=99 mail=hoshino-s@j-bis.co.jp
[sync] GET records app=627 ...
[sync] GET records app=627 -> 1
[sync] GET records app=626 ...
[sync] GET records app=626 -> 1
[sync] processing 595:$id=100 mail=m-yamagata@j-bis.co.jp
[sync] GET records app=627 ...
[sync] GET records app=627 -> 1
[sync] GET records app=626 ...
[sync] GET records app=626 -> 1
[sync] done ok=100 skipped=0 failed=0
{ ok: 100, skipped: 0, failed: 0, processed: 100 }
npm error Missing script: "sync:595"
npm error
npm error To see a list of scripts, run:
npm error   npm run
npm error A complete log of this run can be found in: /home/mhamada202408224/.npm/_logs/2026-03-26T13_30_02_649Z-debug-0.log

> kintone-ai-lab@1.0.0 sync:595
> dotenv -e .env -e .env.proxy -- node scripts/sync-595-to-627.js --limit 100

node:internal/modules/cjs/loader:1137
  throw err;
  ^

Error: Cannot find module '/home/mhamada202408224/kintone-ai-lab/scripts/sync-595-to-627.js'
    at Module._resolveFilename (node:internal/modules/cjs/loader:1134:15)
    at Module._load (node:internal/modules/cjs/loader:975:27)
    at Function.executeUserEntryPoint [as runMain] (node:internal/modules/run_main:128:12)
    at node:internal/main/run_main_module:28:49 {
  code: 'MODULE_NOT_FOUND',
  requireStack: []
}

Node.js v18.19.1
